******************************************************************************
                  TI ARM Linker PC v18.12.4                    
******************************************************************************
>> Linked Wed Apr 22 04:05:32 2020

OUTPUT FILE NAME:   <Interrupt_GPIO_Driver.out>
ENTRY POINT SYMBOL: "_c_int00_noargs"  address: 000009e5


MEMORY CONFIGURATION

         name            origin    length      used     unused   attr    fill
----------------------  --------  ---------  --------  --------  ----  --------
  FLASH                 00000000   00040000  00000a5c  0003f5a4  R  X
  SRAM                  20000000   00008000  0000046c  00007b94  RW X


SEGMENT ALLOCATION MAP

run origin  load origin   length   init length attrs members
----------  ----------- ---------- ----------- ----- -------
00000000    00000000    00000a5c   00000a5c    r-x
  00000000    00000000    00000268   00000268    r-- .intvecs
  00000268    00000268    000007e0   000007e0    r-x .text
  00000a48    00000a48    00000014   00000014    r-- .cinit
20000000    20000000    00000470   00000000    rw-
  20000000    20000000    0000026c   00000000    rw- .vtable
  20000270    20000270    00000200   00000000    rw- .stack


SECTION ALLOCATION MAP

 output                                  attributes/
section   page    origin      length       input sections
--------  ----  ----------  ----------   ----------------
.intvecs   0    00000000    00000268     
                  00000000    00000268     tm4c123gh6pm_startup_ccs.obj (.intvecs)

.text      0    00000268    000007e0     
                  00000268    000003f0     gpio.obj (.text)
                  00000658    00000210     Interrupt.obj (.text)
                  00000868    00000138     main.obj (.text)
                  000009a0    00000044     rtsv7M4_T_le_v4SPD16_eabi.lib : autoinit.c.obj (.text:__TI_auto_init_nobinit_nopinit:__TI_auto_init_nobinit_nopinit)
                  000009e4    00000034                                   : boot_cortex_m.c.obj (.text:_c_int00_noargs:_c_int00_noargs)
                  00000a18    0000001c                                   : copy_zero_init.c.obj (.text:decompress:ZI:__TI_zero_init_nomemset:__TI_zero_init_nomemset)
                  00000a34    0000000c     tm4c123gh6pm_startup_ccs.obj (.text)
                  00000a40    00000004     rtsv7M4_T_le_v4SPD16_eabi.lib : pre_init.c.obj (.text:_system_pre_init)
                  00000a44    00000004                                   : exit.c.obj (.text:abort:abort)

.cinit     0    00000a48    00000014     
                  00000a48    00000008     (.cinit..vtable.load) [load image, compression = zero_init]
                  00000a50    00000004     (__TI_handler_table)
                  00000a54    00000008     (__TI_cinit_table)

.init_array 
*          0    00000000    00000000     UNINITIALIZED

.vtable    0    20000000    0000026c     UNINITIALIZED
                  20000000    0000026c     Interrupt.obj (.vtable)

.stack     0    20000270    00000200     UNINITIALIZED
                  20000270    00000004     rtsv7M4_T_le_v4SPD16_eabi.lib : boot_cortex_m.c.obj (.stack)
                  20000274    000001fc     --HOLE--

MODULE SUMMARY

       Module                         code   ro data   rw data
       ------                         ----   -------   -------
    .\
       Interrupt.obj                  528    0         620    
       gpio.obj                       1008   0         0      
       tm4c123gh6pm_startup_ccs.obj   12     616       0      
       main.obj                       312    0         0      
    +--+------------------------------+------+---------+---------+
       Total:                         1860   616       620    
                                                              
    C:\ti\ccs930\ccs\tools\compiler\ti-cgt-arm_18.12.4.LTS\lib\rtsv7M4_T_le_v4SPD16_eabi.lib
       autoinit.c.obj                 68     0         0      
       boot_cortex_m.c.obj            52     0         0      
       copy_zero_init.c.obj           28     0         0      
       exit.c.obj                     4      0         0      
       pre_init.c.obj                 4      0         0      
    +--+------------------------------+------+---------+---------+
       Total:                         156    0         0      
                                                              
       Stack:                         0      0         512    
       Linker Generated:              0      20        0      
    +--+------------------------------+------+---------+---------+
       Grand Total:                   2016   636       1132   


LINKER GENERATED COPY TABLES

__TI_cinit_table @ 00000a54 records: 1, size/record: 8, table size: 8
	.vtable: load addr=00000a48, load size=00000008 bytes, run addr=20000000, run size=0000026c bytes, compression=zero_init


LINKER GENERATED HANDLER TABLE

__TI_handler_table @ 00000a50 records: 1, size/record: 4, table size: 4
	index: 0, handler: __TI_zero_init


GLOBAL SYMBOLS: SORTED ALPHABETICALLY BY Name 

address   name                          
-------   ----                          
00000a45  C$$EXIT                       
0000075f  Default_Handler               
0000041f  GPIOClockGet                  
00000269  GPIOClockSet                  
0000043f  GPIODirGet                    
00000293  GPIODirModeSet                
00000949  GPIOF_Handler                 
0000045f  GPIOModeGet                   
0000051f  GPIOPadDriveStrGet_2mA        
000004ff  GPIOPadDriveStrGet_4mA        
000004df  GPIOPadDriveStrGet_8mA        
0000047f  GPIOPadOpenDrainGet           
000004bf  GPIOPadPullDownGet            
0000049f  GPIOPadPullUpGet              
00000343  GPIOPadSet                    
000003e3  GPIORead                      
000003ad  GPIOWrite                     
00000545  Gpio_Interrupt_config         
0000070d  Interrupt_Init                
00000a35  ResetISR                      
20000470  __STACK_END                   
00000200  __STACK_SIZE                  
20000470  __STACK_TOP                   
00000a54  __TI_CINIT_Base               
00000a5c  __TI_CINIT_Limit              
00000a50  __TI_Handler_Table_Base       
00000a54  __TI_Handler_Table_Limit      
000009a1  __TI_auto_init_nobinit_nopinit
ffffffff  __TI_pprof_out_hndl           
ffffffff  __TI_prof_data_size           
ffffffff  __TI_prof_data_start          
00000000  __TI_static_base__            
00000a19  __TI_zero_init_nomemset       
ffffffff  __binit__                     
ffffffff  __c_args__                    
UNDEFED   __mpu_init                    
20000270  __stack                       
000009e5  _c_int00_noargs               
UNDEFED   _system_post_cinit            
00000a41  _system_pre_init              
00000a45  abort                         
ffffffff  binit                         
000006d5  clear_enable                  
00000637  clear_int_flag                
00000799  clear_pending                 
00000907  delayMs                       
00000000  g_pfnVectors                  
000007d1  get_active                    
0000080b  get_pending                   
00000869  main                          
0000069d  set_enable                    
00000761  set_pending                   
00000659  set_priority                  


GLOBAL SYMBOLS: SORTED BY Symbol Address 

address   name                          
-------   ----                          
00000000  __TI_static_base__            
00000000  g_pfnVectors                  
00000200  __STACK_SIZE                  
00000269  GPIOClockSet                  
00000293  GPIODirModeSet                
00000343  GPIOPadSet                    
000003ad  GPIOWrite                     
000003e3  GPIORead                      
0000041f  GPIOClockGet                  
0000043f  GPIODirGet                    
0000045f  GPIOModeGet                   
0000047f  GPIOPadOpenDrainGet           
0000049f  GPIOPadPullUpGet              
000004bf  GPIOPadPullDownGet            
000004df  GPIOPadDriveStrGet_8mA        
000004ff  GPIOPadDriveStrGet_4mA        
0000051f  GPIOPadDriveStrGet_2mA        
00000545  Gpio_Interrupt_config         
00000637  clear_int_flag                
00000659  set_priority                  
0000069d  set_enable                    
000006d5  clear_enable                  
0000070d  Interrupt_Init                
0000075f  Default_Handler               
00000761  set_pending                   
00000799  clear_pending                 
000007d1  get_active                    
0000080b  get_pending                   
00000869  main                          
00000907  delayMs                       
00000949  GPIOF_Handler                 
000009a1  __TI_auto_init_nobinit_nopinit
000009e5  _c_int00_noargs               
00000a19  __TI_zero_init_nomemset       
00000a35  ResetISR                      
00000a41  _system_pre_init              
00000a45  C$$EXIT                       
00000a45  abort                         
00000a50  __TI_Handler_Table_Base       
00000a54  __TI_CINIT_Base               
00000a54  __TI_Handler_Table_Limit      
00000a5c  __TI_CINIT_Limit              
20000270  __stack                       
20000470  __STACK_END                   
20000470  __STACK_TOP                   
ffffffff  __TI_pprof_out_hndl           
ffffffff  __TI_prof_data_size           
ffffffff  __TI_prof_data_start          
ffffffff  __binit__                     
ffffffff  __c_args__                    
ffffffff  binit                         
UNDEFED   __mpu_init                    
UNDEFED   _system_post_cinit            

[53 symbols]
